0 verbose cli C:\Program Files\nodejs\node.exe C:\Program Files\nodejs\node_modules\npm\bin\npm-cli.js
1 info using npm@11.9.0
2 info using node@v24.14.0
3 silly config load:file:C:\Program Files\nodejs\node_modules\npm\npmrc
4 silly config load:file:C:\Users\nomeu\OneDrive\Documentos\biblioteca-site\.npmrc
5 silly config load:file:C:\Users\nomeu\.npmrc
6 silly config load:file:C:\Users\nomeu\AppData\Roaming\npm\etc\npmrc
7 verbose title npm install nodemailer
8 verbose argv "install" "nodemailer" "--cache" ".\\.npm-cache"
9 verbose logfile logs-max:10 dir:C:\Users\nomeu\OneDrive\Documentos\biblioteca-site\.npm-cache\_logs\2026-03-13T00_05_31_049Z-
10 verbose logfile C:\Users\nomeu\OneDrive\Documentos\biblioteca-site\.npm-cache\_logs\2026-03-13T00_05_31_049Z-debug-0.log
11 silly logfile done cleaning log files
12 silly packumentCache heap:4496293888 maxSize:1124073472 maxEntrySize:562036736
13 silly idealTree buildDeps
14 silly fetch manifest nodemailer@^6.9.14
15 silly packumentCache full:https://registry.npmjs.org/nodemailer cache-miss
16 http fetch GET 200 https://registry.npmjs.org/npm 410ms
17 http fetch GET 200 https://registry.npmjs.org/nodemailer 921ms (cache miss)
18 silly packumentCache full:https://registry.npmjs.org/nodemailer set size:undefined disposed:false
19 silly placeDep ROOT nodemailer@6.10.1 OK for: biblioteca-site@0.1.0 want: ^6.9.14
20 silly reify moves {}
21 silly audit bulk request {
21 silly audit   accepts: [ '1.3.8' ],
21 silly audit   'array-flatten': [ '1.1.1' ],
21 silly audit   'base64-js': [ '1.5.1' ],
21 silly audit   bcryptjs: [ '2.4.3' ],
21 silly audit   'better-sqlite3': [ '11.10.0' ],
21 silly audit   bindings: [ '1.5.0' ],
21 silly audit   bl: [ '4.1.0' ],
21 silly audit   'body-parser': [ '1.20.4' ],
21 silly audit   buffer: [ '5.7.1' ],
21 silly audit   bytes: [ '3.1.2' ],
21 silly audit   'call-bind-apply-helpers': [ '1.0.2' ],
21 silly audit   'call-bound': [ '1.0.4' ],
21 silly audit   chownr: [ '1.1.4' ],
21 silly audit   'content-disposition': [ '0.5.4' ],
21 silly audit   'content-type': [ '1.0.5' ],
21 silly audit   cookie: [ '0.7.2' ],
21 silly audit   'cookie-signature': [ '1.0.7' ],
21 silly audit   debug: [ '2.6.9' ],
21 silly audit   'decompress-response': [ '6.0.0' ],
21 silly audit   'deep-extend': [ '0.6.0' ],
21 silly audit   depd: [ '2.0.0' ],
21 silly audit   destroy: [ '1.2.0' ],
21 silly audit   'detect-libc': [ '2.1.2' ],
21 silly audit   'dunder-proto': [ '1.0.1' ],
21 silly audit   'ee-first': [ '1.1.1' ],
21 silly audit   encodeurl: [ '2.0.0' ],
21 silly audit   'end-of-stream': [ '1.4.5' ],
21 silly audit   'es-define-property': [ '1.0.1' ],
21 silly audit   'es-errors': [ '1.3.0' ],
21 silly audit   'es-object-atoms': [ '1.1.1' ],
21 silly audit   'escape-html': [ '1.0.3' ],
21 silly audit   etag: [ '1.8.1' ],
21 silly audit   'expand-template': [ '2.0.3' ],
21 silly audit   express: [ '4.22.1' ],
21 silly audit   'express-session': [ '1.19.0' ],
21 silly audit   'file-uri-to-path': [ '1.0.0' ],
21 silly audit   finalhandler: [ '1.3.2' ],
21 silly audit   forwarded: [ '0.2.0' ],
21 silly audit   fresh: [ '0.5.2' ],
21 silly audit   'fs-constants': [ '1.0.0' ],
21 silly audit   'function-bind': [ '1.1.2' ],
21 silly audit   'get-intrinsic': [ '1.3.0' ],
21 silly audit   'get-proto': [ '1.0.1' ],
21 silly audit   'github-from-package': [ '0.0.0' ],
21 silly audit   gopd: [ '1.2.0' ],
21 silly audit   'has-symbols': [ '1.1.0' ],
21 silly audit   hasown: [ '2.0.2' ],
21 silly audit   'http-errors': [ '2.0.1' ],
21 silly audit   'iconv-lite': [ '0.4.24' ],
21 silly audit   ieee754: [ '1.2.1' ],
21 silly audit   inherits: [ '2.0.4' ],
21 silly audit   ini: [ '1.3.8' ],
21 silly audit   'ipaddr.js': [ '1.9.1' ],
21 silly audit   'math-intrinsics': [ '1.1.0' ],
21 silly audit   'media-typer': [ '0.3.0' ],
21 silly audit   'merge-descriptors': [ '1.0.3' ],
21 silly audit   methods: [ '1.1.2' ],
21 silly audit   mime: [ '1.6.0' ],
21 silly audit   'mime-db': [ '1.52.0' ],
21 silly audit   'mime-types': [ '2.1.35' ],
21 silly audit   'mimic-response': [ '3.1.0' ],
21 silly audit   minimist: [ '1.2.8' ],
21 silly audit   'mkdirp-classic': [ '0.5.3' ],
21 silly audit   ms: [ '2.0.0', '2.1.3' ],
21 silly audit   'napi-build-utils': [ '2.0.0' ],
21 silly audit   negotiator: [ '0.6.3' ],
21 silly audit   'node-abi': [ '3.88.0' ],
21 silly audit   'object-inspect': [ '1.13.4' ],
21 silly audit   'on-finished': [ '2.4.1' ],
21 silly audit   'on-headers': [ '1.1.0' ],
21 silly audit   once: [ '1.4.0' ],
21 silly audit   parseurl: [ '1.3.3' ],
21 silly audit   'path-to-regexp': [ '0.1.12' ],
21 silly audit   'prebuild-install': [ '7.1.3' ],
21 silly audit   'proxy-addr': [ '2.0.7' ],
21 silly audit   pump: [ '3.0.4' ],
21 silly audit   qs: [ '6.14.2' ],
21 silly audit   'random-bytes': [ '1.0.0' ],
21 silly audit   'range-parser': [ '1.2.1' ],
21 silly audit   'raw-body': [ '2.5.3' ],
21 silly audit   rc: [ '1.2.8' ],
21 silly audit   'readable-stream': [ '3.6.2' ],
21 silly audit   'safe-buffer': [ '5.2.1' ],
21 silly audit   'safer-buffer': [ '2.1.2' ],
21 silly audit   semver: [ '7.7.4' ],
21 silly audit   send: [ '0.19.2' ],
21 silly audit   'serve-static': [ '1.16.3' ],
21 silly audit   setprototypeof: [ '1.2.0' ],
21 silly audit   'side-channel': [ '1.1.0' ],
21 silly audit   'side-channel-list': [ '1.0.0' ],
21 silly audit   'side-channel-map': [ '1.0.1' ],
21 silly audit   'side-channel-weakmap': [ '1.0.2' ],
21 silly audit   'simple-concat': [ '1.0.1' ],
21 silly audit   'simple-get': [ '4.0.1' ],
21 silly audit   statuses: [ '2.0.2' ],
21 silly audit   string_decoder: [ '1.3.0' ],
21 silly audit   'strip-json-comments': [ '2.0.1' ],
21 silly audit   'tar-fs': [ '2.1.4' ],
21 silly audit   'tar-stream': [ '2.2.0' ],
21 silly audit   toidentifier: [ '1.0.1' ],
21 silly audit   'tunnel-agent': [ '0.6.0' ],
21 silly audit   'type-is': [ '1.6.18' ],
21 silly audit   'uid-safe': [ '2.1.5' ],
21 silly audit   unpipe: [ '1.0.0' ],
21 silly audit   'util-deprecate': [ '1.0.2' ],
21 silly audit   'utils-merge': [ '1.0.1' ],
21 silly audit   vary: [ '1.1.2' ],
21 silly audit   wrappy: [ '1.0.2' ],
21 silly audit   nodemailer: [ '6.10.1' ]
21 silly audit }
22 http cache nodemailer@https://registry.npmjs.org/nodemailer/-/nodemailer-6.10.1.tgz 0ms (cache hit)
23 silly tarball no local data for nodemailer@https://registry.npmjs.org/nodemailer/-/nodemailer-6.10.1.tgz. Extracting by manifest.
24 http fetch GET 200 https://registry.npmjs.org/nodemailer/-/nodemailer-6.10.1.tgz 158ms (cache miss)
25 http fetch POST 200 https://registry.npmjs.org/-/npm/v1/security/advisories/bulk 272ms
26 silly audit report {
26 silly audit report   nodemailer: [
26 silly audit report     {
26 silly audit report       id: 1109804,
26 silly audit report       url: 'https://github.com/advisories/GHSA-mm7p-fcc7-pg87',
26 silly audit report       title: 'Nodemailer: Email to an unintended domain can occur due to Interpretation Conflict',
26 silly audit report       severity: 'moderate',
26 silly audit report       vulnerable_versions: '<7.0.7',
26 silly audit report       cwe: [Array],
26 silly audit report       cvss: [Object]
26 silly audit report     },
26 silly audit report     {
26 silly audit report       id: 1113165,
26 silly audit report       url: 'https://github.com/advisories/GHSA-rcmh-qjqh-p98v',
26 silly audit report       title: 'Nodemailer’s addressparser is vulnerable to DoS caused by recursive calls',
26 silly audit report       severity: 'high',
26 silly audit report       vulnerable_versions: '<=7.0.10',
26 silly audit report       cwe: [Array],
26 silly audit report       cvss: [Object]
26 silly audit report     }
26 silly audit report   ]
26 silly audit report }
27 silly packumentCache corgi:https://registry.npmjs.org/nodemailer cache-miss
28 http fetch GET 200 https://registry.npmjs.org/nodemailer 101ms (cache miss)
29 silly packumentCache corgi:https://registry.npmjs.org/nodemailer set size:undefined disposed:false
30 silly ADD node_modules/nodemailer
31 verbose cwd C:\Users\nomeu\OneDrive\Documentos\biblioteca-site
32 verbose os Windows_NT 10.0.26200
33 verbose node v24.14.0
34 verbose npm  v11.9.0
35 notice
35 notice New [33mminor[39m version of npm available! [33m11.9.0[39m -> [34m11.11.1[39m
35 notice Changelog: [34mhttps://github.com/npm/cli/releases/tag/v11.11.1[39m
35 notice To update run: [4mnpm install -g npm@11.11.1[24m
35 notice  { force: true, Symbol(proc-log.meta): true }
36 verbose exit 0
37 info ok
